// Jest Snapshot v1, https://goo.gl/fbAQLP

exports[`snapshot testing 1`] = `
{
  "age": 30,
  "city": "New York",
  "country": "USA",
  "name": "John",
}
`;

exports[`snapshot testing 2`] = `
{
  "age": 30,
  "city": "New York",
  "country": "USA",
  "name": "John",
}
`;
